javac : src\com\hotel
\controller\HomeContr
oller.java:49: 
error: method 
loadView in class 
NavigationUtil 
cannot be applied to 
given types;
At line:1 char:1
+ javac 
--module-path "javafx
-sdk-17.0.2\lib;mysql
-connector-j-8.0.33.j
 ...
+ ~~~~~~~~~~~~~~~~~~~
~~~~~~~~~~~~~~~~~~~~~
~~~~~~~~~~~~~~~~~~~~~
~~~~~~~~
    + CategoryInfo   
           : NotSpe  
  cified: (src\com   
 \hotel\c...to gi    
ven types;:Strin    
g) [], RemoteExc    
eption
    + FullyQualified 
   ErrorId : Native  
  CommandError
 
        NavigationUti
l.loadView("/com/hote
l/view/guests.fxml", 
"Guest Management");
                     
 ^
  required: String
  found:    
String,String
  reason: actual and 
formal argument 
lists differ in 
length
src\com\hotel\control
ler\HomeController.ja
va:54: error: method 
loadView in class 
NavigationUtil 
cannot be applied to 
given types;
        NavigationUti
l.loadView("/com/hote
l/view/rooms.fxml", 
"Room Management");
                     
 ^
  required: String
  found:    
String,String
  reason: actual and 
formal argument 
lists differ in 
length
src\com\hotel\control
ler\HomeController.ja
va:59: error: method 
loadView in class 
NavigationUtil 
cannot be applied to 
given types;
        NavigationUti
l.loadView("/com/hote
l/view/reservations.f
xml", "Reservation 
Management");
                     
 ^
  required: String
  found:    
String,String
  reason: actual and 
formal argument 
lists differ in 
length
src\com\hotel\control
ler\HomeController.ja
va:64: error: method 
loadView in class 
NavigationUtil 
cannot be applied to 
given types;
        NavigationUti
l.loadView("/com/hote
l/view/payments.fxml"
, "Payment 
Management");
                     
 ^
  required: String
  found:    
String,String
  reason: actual and 
formal argument 
lists differ in 
length
src\com\hotel\control
ler\HomeController.ja
va:69: error: method 
loadView in class 
NavigationUtil 
cannot be applied to 
given types;
        NavigationUti
l.loadView("/com/hote
l/view/services.fxml"
, "Service 
Management");
                     
 ^
  required: String
  found:    
String,String
  reason: actual and 
formal argument 
lists differ in 
length
src\com\hotel\control
ler\HomeController.ja
va:74: error: method 
loadView in class 
NavigationUtil 
cannot be applied to 
given types;
        NavigationUti
l.loadView("/com/hote
l/view/home.fxml", 
"Home");
                     
 ^
  required: String
  found:    
String,String
  reason: actual and 
formal argument 
lists differ in 
length
6 errors
